================================================================================
算法整理日志 — 逐3小时降水频率匹配（frequency_matching_rain03）
================================================================================
整理日期   : 2026-08-26
算法代号   : frequency_matching_rain03（曾用名 multi_qpf_fm_rain03）
原始目录   : QPFFrequencyMatch_Rain03/
仓库目录   : frequency_matching_rain03/
贡献人     : 曹勇（原程序）；整理登记待补全
================================================================================

一、目录映射
--------------------------------------------------------------------------------
  main.py              → src/runner.py（process / main；时效 3–252）
  data_proc/           → src/proc/
  data_types/          → src/utils/（types 门面 + 各模块）
  simple_log/          → src/utils/log.py
  para/ + info/        → resource/
  （新增）             → cli/、qpf_fm.ini、utils/__init__.py、docs/、nbs/

二、本次已完成
--------------------------------------------------------------------------------
  [x] NIMM 目录骨架与导入路径改造
  [x] process(...) + python -m cli
  [x] 模块更名为 frequency_matching_rain03

三、待人工补充
--------------------------------------------------------------------------------
  [ ] 真实业务路径端到端复跑与原版输出对照
  [ ] 删除旧目录 multi_qpf_fm_rain03（若仍残留）
================================================================================
