================================================================================
算法整理日志 — 地形平滑系数生成
================================================================================
整理日期   : 2026-07-29
算法代号   : generate_orographic_smoothing_coefficients
仓库目录   : 00temp/generate_orographic_smoothing_coefficients/
整理阶段   : CLI 示例脚本重命名与相关路径导入同步
贡献人     : 郭云谦、王亭波
原始来源   : D:\workspace\improver\generate_orographic_smoothing_coefficients（原包名 `generate_orographic_smoothing_coefficients`）
================================================================================

一、变更说明
--------------------------------------------------------------------------------
  本次为聚焦刷新：原目录将 CLI 示例脚本由
    cli/anc_generate_orographic_smoothing_coefficients.py
  重命名为
    cli/dsc_generate_orographic_smoothing_coefficients.py
  并更新测试、文档、notebook 中的对应导入与路径引用。
  中间目录按原目录覆盖同步 `src/`、`utils/`、`cli/`、`test/`、`nbs/` 与算法说明文档；
  保留脚手架：`.gitignore`、`00log/`、`00temp/`、`NIMM_list.md`、`docs/*_overview.md`、`resource/`。

二、目录映射（CLI）
--------------------------------------------------------------------------------
  旧 CLI            ： cli/anc_generate_orographic_smoothing_coefficients.py（已废弃）
  新 CLI            ： cli/dsc_generate_orographic_smoothing_coefficients.py
  包入口            ： cli/__init__.py、cli/__main__.py（打印/指向新脚本名）

三、完成事项
--------------------------------------------------------------------------------
  [x] 自原目录覆盖同步源码/CLI/测试/notebook/算法说明文档
  [x] 删除中间目录中过时的 anc_ CLI（若仍残留）
  [x] src/__init__.py 使用包内绝对导入 OrographicSmoothingCoefficients
  [x] CLI 直启缺示例输入时中文提示，不崩溃
  [x] 测试：缺 test_data 或缺包旁 improver-1.18.7 时会跳过；不硬编码本机绝对路径
  [x] 更新 overview、NIMM_list、根 00log 与包内清单中的 CLI 文件名
  [x] 原代码目录 pytest：19 passed（2026-07-29）
  [x] 中间目录 pytest：8 passed, 11 skipped（2026-07-29；缺 test_data / 缺包旁 improver-1.18.7 时会跳过）

四、仍存在问题（需人工补充）
--------------------------------------------------------------------------------
  [ ] 入库路径：补充至 NIMM/ancillaries/ 时需调整为仓库正式包路径
  [ ] BasePlugin：正式入库时评估是否改为仓库统一基类
  [ ] test_data：样例约 1.7MB，中间目录未同步；后续决定是否纳入 NIMM_pip_testdata
  [ ] resource/：当前为空，正式补充时确认是否保留

五、验证记录
--------------------------------------------------------------------------------
  [x] 原代码目录：pytest 19 passed（2026-07-29）
  [x] 中间目录：`00temp/generate_orographic_smoothing_coefficients/` pytest：8 passed, 11 skipped（2026-07-29；缺 test_data 或缺包旁 improver-1.18.7 时会跳过）

六、导入路径说明
--------------------------------------------------------------------------------
  中间目录 Python import 模块名仍为 `generate_orographic_smoothing_coefficients`。
  补充至 NIMM/ancillaries/ 时再调整为仓库正式包路径。

================================================================================
