================================================================================
算法整理日志 — 地形平滑系数生成
================================================================================
整理日期   : 2026-07-28
算法名称   : generate_orographic_smoothing_coefficients
仓库目录   : 00temp/generate_orographic_smoothing_coefficients/
整理阶段   : NIMM 标准化目录结构整理
贡献人     : 郭云谦、王亭波
原始来源   : D:\workspace\improver\generate_orographic_smoothing_coefficients（原包名 `generate_orographic_smoothing_coefficients`）
================================================================================

一、目录映射（原 → 新）
--------------------------------------------------------------------------------
  核心算法             ： src/generate_orographic_smoothing_coefficients.py（OrographicSmoothingCoefficients）
  模块工具             ： src/utils/_gradient.py（邻接梯度：投影米制 / 经纬球面）
  通用工具             ： utils/utils.py（meteva_base 网格数据校验与输出封装）
  插件基类             ： utils/base_plugin.py（BasePlugin 本地提供）
  CLI              ： cli/anc_generate_orographic_smoothing_coefficients.py
  文档               ： docs/generate_orographic_smoothing_coefficients.md、docs/generate_orographic_smoothing_coefficients_overview.md
  notebook         ： nbs/generate_orographic_smoothing_coefficients.ipynb
  测试               ： test/（单元测试与官方样例对照）
  整理清单         ： NIMM_list.md（包目录）
  整理中间数据     ： 00temp/generate_orographic_smoothing_coefficients/
  包内整理日志     ： 00log/generate_orographic_smoothing_coefficients_整理_20260728.log

二、已完成事项
--------------------------------------------------------------------------------
  [x] 从 improver/generate_orographic_smoothing_coefficients 同步 src/、utils/、cli/、test/、docs/、nbs/
  [x] 模块名保持 generate_orographic_smoothing_coefficients；src/__init__.py 改为包内绝对导入
  [x] 建立算法内 00log/、00temp/、NIMM_list.md、.gitignore；保留 resource/
  [x] 未同步 test_data/（约 1.7MB）；缺样例时官方回归与 CLI 默认冒烟 skip
  [x] CLI 直启缺 orography 样例时中文提示而不调用 process
  [x] 原代码目录 pytest：19 passed（2026-07-28）
  [x] 中间目录 pytest：8 passed, 11 skipped（2026-07-28；缺 test_data / 缺包旁 improver-1.18.7 时 skip）

三、遗留问题（需人工补充）
--------------------------------------------------------------------------------
  [ ] 入库路径：补充至 NIMM/ancillaries/ 时需调整为仓库正式包路径
  [ ] BasePlugin：正式入库时评估是否改为仓库统一基类
  [ ] test_data：样例是否纳入 NIMM_pip_testdata / 正式仓库，后续决定
  [ ] resource/：当前为空，正式补充时确认是否保留

四、验证记录
--------------------------------------------------------------------------------
  [x] 原代码目录：`D:\workspace\improver\generate_orographic_smoothing_coefficients` pytest：19 passed（2026-07-28）
  [x] 中间目录：`00temp/generate_orographic_smoothing_coefficients/` pytest：8 passed, 11 skipped（2026-07-28；缺 test_data 或包旁 improver-1.18.7 时相关用例 skip）

五、导入路径说明
--------------------------------------------------------------------------------
  中间目录 Python import 模块名为 `generate_orographic_smoothing_coefficients`（与原包名一致）。
  补充至 NIMM/ancillaries/ 时再调整为仓库正式包路径。

================================================================================
