================================================================================
算法整理日志 — mait_3h / multi_rain_mait03_blending
================================================================================
整理日期   : 2026-08-27
算法代号   : mait_3h
仓库目录   : multi_rain_mait03_blending/
原始目录   : mait_3h/
================================================================================

一、映射
--------------------------------------------------------------------------------
  mait_3h_cli.py     → src/mait_3h.py（process / RunProcess）
  mait_3_plugin.py   → src/mait_3_plugin.py（PostProcessingPlugin→utils.base_plugin）
  mait_3_plugin_util → src/mait_3_plugin_util.py
  src/util_new.py    → src/utils/util_new.py
  para/ + info/      → resource/
  （新增）           → cli/、mait_3.ini、utils/__init__、docs、test、00log

二、已完成
--------------------------------------------------------------------------------
  [x] NIMM 目录与 process / python -m cli
  [x] 去掉 nimm.cli 依赖；默认时效 3–252/3
  [x] 布局与 util_env 单测

三、待人工
--------------------------------------------------------------------------------
  [ ] 业务端到端与原 mait_3h 输出对照
  [ ] 是否对齐 mait01 的 RunContext / background
================================================================================
