================================================================================
算法整理日志 — 地形辅助场生成
================================================================================
整理日期   : 2026-07-25
算法代号   : generate_ancillary
仓库目录   : 00temp/generate_ancillary/
整理阶段   : NIMM 标准化目录结构整理
贡献人     : 郭云谦、王亭波
原始来源   : D:\workspace\improver\generate_ancillary（原包名 `generate_ancillary`）
================================================================================

一、目录映射（原 → 现）
--------------------------------------------------------------------------------
  核心算法             → src/generate_ancillary.py（CorrectLandSeaMask、GenerateOrographyBandAncils）
  模块工具             → utils/utils.py（meteva_base 网格数据校验与输出封装）
  插件基类             → utils/base_plugin.py（BasePlugin 本地提供）
  CLI              → cli/anc_generate_landmask_ancillary.py、cli/dsc_generate_topography_bands_mask.py
  文档               → docs/generate_ancillary.md、docs/generate_ancillary_overview.md
  notebook         → nbs/generate_ancillary.ipynb
  测试               → test/（单元测试与官方样例对照）
  整理清单         → NIMM_list.md（本目录）
  整理中间数据     → 00temp/generate_ancillary/
  整理过程日志     → 00log/generate_ancillary_整理_20260725.log

二、本次已完成
--------------------------------------------------------------------------------
  [x] 自 improver/generate_ancillary 同步 src/、utils/、cli/、test/、docs/、nbs/
  [x] 模块名保持 generate_ancillary；src/__init__.py 改为包内绝对导入
  [x] 建立算法内 00log/、00temp/、NIMM_list.md、.gitignore、空 resource/
  [x] 未同步 test_data/（约 1.5MB，样例独立管理；缺样例时官方回归测试 skip）
  [x] CLI 直启缺 test_data 时提示而非崩溃
  [x] 原代码目录 pytest：29 passed（2026-07-25）
  [x] 中间目录 pytest：26 passed, 3 skipped（2026-07-25）

三、仍存在问题 — 需人工补充
--------------------------------------------------------------------------------
  [ ] 入库路径：补充至 NIMM/ancillaries/ 时需调整为仓库正式包路径
  [ ] BasePlugin：正式入库时评估是否改为仓库统一基类
  [ ] test_data：样例是否纳入 NIMM_pip_testdata / 正式仓库，后续决定
  [ ] resource/：当前为空，正式补充时确认是否保留

四、验证记录
--------------------------------------------------------------------------------
  [x] 原代码目录（`D:\workspace\improver\generate_ancillary`）pytest：29 passed（2026-07-25）
  [x] 中间目录（`00temp/generate_ancillary/`）pytest：26 passed, 3 skipped（2026-07-25；缺 test_data 官方回归 skip）

五、导入路径说明
--------------------------------------------------------------------------------
  中间目录 Python import 模块名为 `generate_ancillary`（与原包名一致）。
  补充至 NIMM/ancillaries/ 时需再调整为仓库正式包路径。

================================================================================
