================================================================================
算法整理日志 — 海陆感知重网格
================================================================================
整理日期   : 2026-07-30
算法代号   : regrid
仓库目录   : 00temp/regrid/
整理阶段   : NIMM 标准化目录结构整理
贡献人     : 郭云谦、王亭波
原始来源   : D:\workspace\improver\regrid（原包名 `regrid`）
================================================================================

一、目录映射（原 → 现）
--------------------------------------------------------------------------------
  核心算法             → src/landsea.py、src/landsea2.py（RegridLandSea、AdjustLandSeaPoints、RegridWithLandSeaMask）
  模块工具             → src/utils/（双线性 / 最近邻 / IDW / 网格与邻近域）
  通用工具             → utils/utils.py（meteva_base 六维场校验与辅助封装）
  插件基类             → utils/base_plugin.py（BasePlugin 本地提供）
  CLI                  → cli/tran_regrid.py
  文档                 → docs/regrid_landsea.md、docs/regrid_overview.md
  notebook             → nbs/regrid_landsea_validation.ipynb
  测试                 → test/（单元、官方回归、CLI 冒烟）
  算法清单             → NIMM_list.md（本目录）
  算法中间数据         → 00temp/regrid/
  算法整理日志         → 00log/regrid_整理_20260730.log

二、本次已完成
--------------------------------------------------------------------------------
  [x] 自 improver/regrid 同步 src/、utils/、cli/、test/、docs/、nbs/
  [x] 模块名保持 regrid；src/__init__.py 改为包内绝对导入
  [x] 建立算法内 00log/、00temp/、NIMM_list.md、.gitignore；空 resource/
  [x] 未同步 test_data/（约 1.7MB、27 文件）；缺数据时相关用例会跳过；CLI 直跑缺样例时提示而不崩溃
  [x] 与原版对照依赖包旁 improver-1.18.7；找不到时会跳过（无本机绝对路径回退）
  [x] 原算法目录 pytest：38 passed（improver venv，2026-07-30）
  [x] 中间目录 pytest：25 passed, 13 skipped（2026-07-30）

三、仍存在问题 — 需人工补充
--------------------------------------------------------------------------------
  [ ] 入库路径：补充至 NIMM/ancillaries/ 时需调整为仓库正式包路径
  [ ] BasePlugin：正式入库时评估是否改为仓库统一基类
  [ ] test_data：样例是否纳入 NIMM_pip_testdata / 正式仓库，后续决定
  [ ] resource/：当前为空，正式补充时确认是否保留

四、验证记录
--------------------------------------------------------------------------------
  [x] 原算法目录（`D:\workspace\improver\regrid`）pytest：38 passed（improver venv，2026-07-30）
  [x] 中间目录（`00temp/regrid/`）pytest：25 passed, 13 skipped（2026-07-30；缺 test_data 时相关用例会跳过）

五、导入路径说明
--------------------------------------------------------------------------------
  中间目录 Python import 模块名为 `regrid`（与原包名一致）。
  补充至 NIMM/ancillaries/ 时再调整为仓库正式包路径。

================================================================================

五、2026-08-05 增量同步
--------------------------------------------------------------------------------
  [x] 自 improver/regrid 覆盖同步有差异的源码/CLI/test/docs/nbs；新增 cli/preprocess_test_data.py
  [x] 保留脚手架（00log/、00temp/、NIMM_list.md、.gitignore、docs/regrid_overview.md、resource/）
  [x] 未同步 test_data/；tran_regrid / preprocess_test_data 缺样例时提示而不崩溃
  [x] 原目录 pytest：38 passed；中间目录：25 passed, 13 skipped（2026-08-05）
================================================================================
