================================================================================
算法整理日志 — 风降尺度(地形)
================================================================================
整理日期   : 2026-08-14
算法代号   : wind_downscaling
仓库目录   : 00temp/orographic_wind_downscaling/
整理阶段   : 原算法目录增量同步至中间目录
贡献人     : 郭云谦、王亭波
原始来源   : D:\workspace\improver\wind_calculations（原 improver 包名 `wind_calculations`）
================================================================================

一、变更说明
--------------------------------------------------------------------------------
  原算法目录在 2026-07-06 中间目录整理后继续修改，本次将增量改动同步到中间目录。
  主要算法变化：
    - RoughnessCorrection 改回继承 PostProcessingPlugin
    - 网格校验改用 meb.checkout_griddata
    - 新增真经纬坐标识别与度→米分辨率推断（EARTH_RADIUS_M）
    - 新增 cli/preprocess_test_data.py（方案一投影维重命名 / 方案二经纬重网格）
    - 新增分辨率推断、合成经纬端到端测试
  中间目录导入仍统一为模块名 `orographic_wind_downscaling`。
  保留脚手架：00log/、00temp/、NIMM_list.md、.gitignore、docs/orographic_wind_downscaling.md。
  未同步 test_data/（原目录样例含 cli_input/latlon 等，体量较大）。

二、目录映射（原 → 现）
--------------------------------------------------------------------------------
  核心算法             → src/wind_downscaling.py
  模块工具             → utils/utils.py（rebuild_to_meb_griddata，内部用 meb.checkout_griddata）
  插件基类             → utils/base_plugin.py（BasePlugin + PostProcessingPlugin）
  CLI                  → cli/dsc_wind_downscaling.py、cli/preprocess_test_data.py
  文档                 → docs/wind_downscaling.md、docs/orographic_wind_downscaling.md
  notebook             → nbs/wind_calculations.ipynb（新增）；保留 nbs/official_data_wind_calculations.ipynb
  测试                 → 原有单元/官方对照 + test_infer_grid_resolution.py、test_synthetic_latlon_roughness.py
  整理中间数据         → 00temp/wind_downscaling/
  整理过程日志         → 00log/wind_downscaling_整理_20260814.log

三、本次已完成
--------------------------------------------------------------------------------
  [x] 覆盖同步有差异的 src/、utils/、cli/、test/、docs/wind_downscaling.md
  [x] 新增 cli/preprocess_test_data.py、nbs/wind_calculations.ipynb
  [x] 新增 test/test_infer_grid_resolution.py、test/test_synthetic_latlon_roughness.py
  [x] 导入路径由 wind_calculations 统一改为 orographic_wind_downscaling
  [x] 保留数据目录名 test_data/wind_calculations_data
  [x] CLI 直启缺 test_data 时中文提示，不崩溃
  [x] 未删除原始目录任何文件

四、仍存在问题 — 需人工补充
--------------------------------------------------------------------------------
  [ ] 入库路径：补充至 NIMM/00space_downscale/ 时需调整为仓库正式包路径
  [ ] BasePlugin：正式入库时评估是否改为仓库统一基类
  [ ] test_data：中间目录未同步；官方对照测试缺数据时会 skip
  [ ] resource/：当前为空
  [ ] nbs/official_data_wind_calculations.ipynb：历史 notebook 仍保留，输出单元格含原 improver 路径

五、验证记录
--------------------------------------------------------------------------------
  [x] 原算法目录 pytest：32 passed（improver venv，2026-08-14）
  [x] 中间目录 pytest：30 passed, 2 skipped（improver venv，2026-08-17 恢复后复验；缺 test_data 时官方对照 skip）

六、导入路径说明
--------------------------------------------------------------------------------
  中间目录 Python import 已统一为模块名 `orographic_wind_downscaling`。
  补充至 NIMM/00space_downscale/ 时需再调整为仓库正式包路径。

七、2026-08-17 恢复说明
--------------------------------------------------------------------------------
  中间目录增量同步曾被误回退。已按原目录 D:\workspace\improver\wind_calculations
  重新复制并重映射导入，未重新做正式入库。

================================================================================
